// Jest Snapshot v1, https://goo.gl/fbAQLP

exports[`reduce test filter map 1`] = `
[
  {
    "val": 2,
  },
  {
    "val": 3,
  },
]
`;
